
> personas-de-confianza@0.1.0 build
> next build

node.exe : 
En línea: 1 Carácter: 1
+ & "C:\Program Files\nodejs/node.exe" "C:\Program 
Files\nodejs/node_mo ...
+ ~~~~~~~~~~~~~~~~~~~~~~~~~~~~~~~~~~~~~~~~~~~~~~~~~~~~~~~~
~~~~~~~~~~~~~
    + CategoryInfo          : NotSpecified: (:String) [], 
    RemoteException
    + FullyQualifiedErrorId : NativeCommandError
 
> Build error occurred
Error: EPERM: operation not permitted, unlink 
'C:\Users\Usuario\OneDrive\Desktop\Antigravity\Personas 
de Confianza\personas-de-confianza\.next\server\app\api'
    at ignore-listed frames {
  errno: -4048,
  code: 'EPERM',
  syscall: 'unlink',
  path: 'C:\\Users\\Usuario\\OneDrive\\Desktop\\Antigravit
y\\Personas de 
Confianza\\personas-de-confianza\\.next\\server\\app\\api'
}
