
> personas-de-confianza@0.1.0 build
> next build

Ôû▓ Next.js 16.1.6 (Turbopack)
- Environments: .env.local

  Creating an optimized production build ...
Ô£ô Compiled successfully in 20.3s
  Running TypeScript ...
node.exe : Failed to compile.
En línea: 1 Carácter: 1
+ & "C:\Program Files\nodejs/node.exe" "C:\Program 
Files\nodejs/node_mo ...
+ ~~~~~~~~~~~~~~~~~~~~~~~~~~~~~~~~~~~~~~~~~~~~~~~~~~~~~~~~~
~~~~~~~~~~~~
    + CategoryInfo          : NotSpecified: (Failed to com 
   pile.:String) [], RemoteException
    + FullyQualifiedErrorId : NativeCommandError
 

./app/settings/page.tsx:426:29
Type error: Type 'unknown' is not assignable to type 
'ReactNode'.

[0m [90m 424 |[39m                               
{docType[33m.[39mlabel}
 [90m 425 |[39m                             
[33m<[39m[33m/[39m[33mspan[39m[33m>[39m
[31m[1m>[22m[39m[90m 426 |[39m                       
      {isUploaded [33m&&[39m (
 [90m     |[39m                             
[31m[1m^[22m[39m
 [90m 427 |[39m                               
[33m<[39m[33mspan[39m 
className[33m=[39m[32m"text-[10px] text-green-600 
font-medium"[39m[33m>[39m
 [90m 428 |[39m                                 
[33mSubido[39m
 [90m 429 |[39m                               
[33m<[39m[33m/[39m[33mspan[39m[33m>[39m[0m
Next.js build worker exited with code: 1 and signal: null
